Committed by: s — 2026-02-13T12:26:01
Committed by: n — 2026-02-13T12:26:02
Committed by: ap — 2026-02-13T12:26:04
Committed by: 2p — 2026-02-13T12:26:06
Committed by: al — 2026-02-13T12:26:08
Committed by: di — 2026-02-13T12:26:09
Committed by: is — 2026-02-13T12:26:11
Committed by: a2 — 2026-02-13T12:26:13
Committed by: ts — 2026-02-13T12:26:15
Committed by: a1 — 2026-02-13T12:26:17
Committed by: ta — 2026-02-13T12:26:19
Committed by: bn — 2026-02-13T12:26:21
Committed by: ch — 2026-02-13T12:26:23
Committed by: ku — 2026-02-13T12:26:25
Committed by: jz — 2026-02-13T12:26:28
Committed by: ll — 2026-02-13T12:26:29
Committed by: ac — 2026-02-13T12:26:31
Committed by: c2 — 2026-02-13T12:26:33
Committed by: tb — 2026-02-13T12:26:35
Committed by: dh — 2026-02-13T12:26:37
Committed by: se — 2026-02-13T12:26:39
Committed by: ma — 2026-02-13T12:26:41
Committed by: ni — 2026-02-13T12:26:43
Committed by: tc — 2026-02-13T12:26:45
Committed by: ss — 2026-02-13T12:26:47
Committed by: el — 2026-02-13T12:26:49
Committed by: na — 2026-02-13T12:26:51
Committed by: pe — 2026-02-13T12:26:54
Committed by: by — 2026-02-13T12:26:56
Committed by: fa — 2026-02-13T12:26:58
Committed by: jc — 2026-02-13T12:27:00
Committed by: la — 2026-02-13T12:27:02
Committed by: le — 2026-02-13T12:27:04
Committed by: ph — 2026-02-13T12:27:06
Committed by: ra — 2026-02-13T12:27:08
Committed by: ur — 2026-02-13T12:27:10
Committed by: vg — 2026-02-13T12:27:12
Committed by: 2c — 2026-02-13T12:27:14
Committed by: aa — 2026-02-13T12:27:16
Committed by: ag — 2026-02-13T12:27:18
Committed by: bl — 2026-02-13T12:27:20
Committed by: bo — 2026-02-13T12:27:22
Committed by: cl — 2026-02-13T12:27:23
Committed by: da — 2026-02-13T12:27:25
Committed by: dv — 2026-02-13T12:27:27
Committed by: eo — 2026-02-13T12:27:29
Committed by: ig — 2026-02-13T12:27:31
Committed by: jm — 2026-02-13T12:27:33
Committed by: mm — 2026-02-13T12:27:35
Committed by: nl — 2026-02-13T12:27:37
